// Jest Snapshot v1, https://goo.gl/fbAQLP

exports[`LoginPage unit renders without crashing given props 1`] = `
<WithStyles(ForwardRef(Paper))
  className="container"
  elevation={8}
>
  <div
    className="left"
  >
    <Component
      height="70%"
      width="70%"
    />
  </div>
  <div
    className="right"
  >
    <div
      className="formhead"
    >
      <div
        className="icon"
      >
        <Component
          height="100%"
          width="100%"
        />
      </div>
      <span
        className="header"
      >
        Login
      </span>
      <div
        className="icon"
      >
        <Component
          height="100%"
          width="100%"
        />
      </div>
    </div>
    <form
      className="form"
    >
      <WithStyles(ForwardRef(Grid))
        container={true}
        spacing={2}
      >
        <WithStyles(ForwardRef(Grid))
          item={true}
          xs={12}
        >
          <Field
            component={[Function]}
            label="Email"
            name="email"
          />
        </WithStyles(ForwardRef(Grid))>
        <WithStyles(ForwardRef(Grid))
          item={true}
          xs={12}
        >
          <Field
            component={[Function]}
            label="Password"
            name="password"
            type="password"
          />
        </WithStyles(ForwardRef(Grid))>
      </WithStyles(ForwardRef(Grid))>
      <div
        className="fab"
      >
        <WithStyles(ForwardRef(Fab))
          aria-label="login"
          color="primary"
          type="submit"
          variant="extended"
        >
          Login
        </WithStyles(ForwardRef(Fab))>
      </div>
    </form>
    <div
      className="bottom"
    >
      <div
        className="socials"
      >
        <div
          className="social"
        >
          <Component
            height={40}
            width={40}
          />
        </div>
        <div
          className="social"
        >
          <Component
            height={40}
            width={40}
          />
        </div>
        <div
          className="social"
        >
          <Component
            height={40}
            width={40}
          />
        </div>
      </div>
      <div
        className="action"
      >
        Don't Have An Account?
        <span
          className="link"
        >
          <Link
            to="/register"
          >
            Sign Up
          </Link>
        </span>
      </div>
      <div
        className="action"
      >
        Forgot Password?
        <span
          className="link"
        >
          Recover
        </span>
      </div>
    </div>
  </div>
</WithStyles(ForwardRef(Paper))>
`;
