// Jest Snapshot v1, https://goo.gl/fbAQLP

exports[`MeetupEvent tests general renders without crashing 1`] = `
<div
  className="event"
  id="event-1"
>
  <div
    className="header elevate"
  >
    <WithStyles(ForwardRef(Typography))
      variant="h5"
    >
      Dessert
    </WithStyles(ForwardRef(Typography))>
    <div
      className="headerIcons"
    >
      <ScheduleIcon />
      6:22 PM
       -
       
      6:22 PM
    </div>
    <WithStyles(ForwardRef(Tooltip))
      title="Event Creator"
    >
      <div
        className="headerIcons"
      >
        <Component
          height={18}
          width={18}
        />
        Daniel
         
        Lee
      </div>
    </WithStyles(ForwardRef(Tooltip))>
    <div>
      <div
        className="eventActions"
      >
        <WithStyles(ForwardRef(IconButton))
          aria-label="menu"
          edge="end"
          onClick={[Function]}
          style={
            Object {
              "color": "rgba(10,10,10, .95)",
            }
          }
        >
          <MoreVertIcon />
        </WithStyles(ForwardRef(IconButton))>
        <WithStyles(ForwardRef(Menu))
          anchorEl={null}
          onClose={[Function]}
          open={null}
        >
          <WithStyles(ForwardRef(MenuItem))
            aria-label="add-option"
            onClick={[Function]}
          >
            <WithStyles(ForwardRef(ListItemIcon))>
              <SearchIcon
                fontSize="small"
                style={
                  Object {
                    "color": "#4caf50",
                  }
                }
              />
            </WithStyles(ForwardRef(ListItemIcon))>
            <WithStyles(ForwardRef(Typography))
              noWrap={true}
              variant="body2"
            >
              Add Option
            </WithStyles(ForwardRef(Typography))>
          </WithStyles(ForwardRef(MenuItem))>
          <WithStyles(ForwardRef(MenuItem))
            aria-label="reload"
            onClick={[Function]}
          >
            <WithStyles(ForwardRef(ListItemIcon))>
              <CachedIcon
                color="primary"
                fontSize="small"
              />
            </WithStyles(ForwardRef(ListItemIcon))>
            <WithStyles(ForwardRef(Typography))
              noWrap={true}
              variant="body2"
            >
              Reload Options
            </WithStyles(ForwardRef(Typography))>
          </WithStyles(ForwardRef(MenuItem))>
          <WithStyles(ForwardRef(MenuItem))
            aria-label="edit"
            onClick={[Function]}
          >
            <WithStyles(ForwardRef(ListItemIcon))>
              <EditIcon
                color="inherit"
                fontSize="small"
              />
            </WithStyles(ForwardRef(ListItemIcon))>
            <WithStyles(ForwardRef(Typography))
              noWrap={true}
              variant="body2"
            >
              Edit Meetup Event
            </WithStyles(ForwardRef(Typography))>
          </WithStyles(ForwardRef(MenuItem))>
          <WithStyles(ForwardRef(MenuItem))
            aria-label="delete"
            onClick={[Function]}
          >
            <WithStyles(ForwardRef(ListItemIcon))>
              <DeleteIcon
                color="secondary"
                fontSize="small"
              />
            </WithStyles(ForwardRef(ListItemIcon))>
            <WithStyles(ForwardRef(Typography))
              noWrap={true}
              variant="body2"
            >
              Delete Event
            </WithStyles(ForwardRef(Typography))>
          </WithStyles(ForwardRef(MenuItem))>
        </WithStyles(ForwardRef(Menu))>
      </div>
    </div>
  </div>
  <div
    className="secondHeader elevate"
  >
    <div
      className="secondHeaderLeft"
    >
      Categories
      <Link
        key="1"
        to="/category/desserts"
      >
        <span
          className="categoryChip categoryChipHover"
        >
          <WithStyles(ForwardRef(Avatar))
            src="undefineddesserts.png"
            style={
              Object {
                "height": 20,
                "width": 20,
              }
            }
            variant="square"
          />
          Dessert
        </span>
      </Link>
    </div>
    <div
      className="secondHeaderLeft"
    >
      Price
      <span
        className="categoryChip"
        key="0"
      >
        $
      </span>
      <span
        className="categoryChip"
        key="1"
      >
        $$
      </span>
    </div>
    <div
      className="secondHeaderLeft"
    >
      Distance
      <span
        className="categoryChip"
      >
        10.00
      </span>
    </div>
    <div
      className="eventDecideActions"
    />
  </div>
  <div
    className="foursquare"
  >
    <div
      className="explanation elevate"
    >
      <span
        style={
          Object {
            "marginRight": "1rem",
          }
        }
      >
        <ErrorIcon
          style={
            Object {
              "color": "rgb(255, 212, 96)",
            }
          }
        />
      </span>
      <span>
        No options available. This may be due to no options being available at this time or the categories specified don't have enough options. Press the edit button to add more categories or change time if inputted incorrectly.
      </span>
    </div>
  </div>
</div>
`;
