// Jest Snapshot v1, https://goo.gl/fbAQLP

exports[`Chat unit  renders without crashing given props 1`] = `
<div
  className="chatchat-mobile"
>
  <HelmetWrapper
    defer={true}
    encodeSpecialCharacters={true}
  >
    <meta
      charSet="utf-8"
    />
    <title>
      Chat
    </title>
    <meta
      content="Phoodie Chat"
      name="description"
    />
  </HelmetWrapper>
  <Connect(ChatBar)
    rooms={Array []}
  />
  <Connect(ChatWindow)
    activeRoom={null}
    messages={Array []}
    socket={
      Object {
        "addChatCallbacks": [MockFunction] {
          "calls": Array [
            Array [
              [MockFunction],
              [MockFunction],
            ],
          ],
          "results": Array [
            Object {
              "type": "return",
              "value": undefined,
            },
          ],
        },
        "connect": [MockFunction],
        "disconnect": [MockFunction],
        "exists": [MockFunction],
      }
    }
  />
</div>
`;
