// Jest Snapshot v1, https://goo.gl/fbAQLP

exports[`ChatBarComponent unit renders without crashing given props 1`] = `
<div
  className="chat-bar elevate"
>
  <div
    className="chat-bar-top"
  >
    <div>
      Contacts
    </div>
    <div>
      <WithStyles(ForwardRef(Tooltip))
        title="Friends"
      >
        <WithStyles(ForwardRef(IconButton))
          color="primary"
          edge="end"
          onClick={[Function]}
        >
          <PersonIcon />
        </WithStyles(ForwardRef(IconButton))>
      </WithStyles(ForwardRef(Tooltip))>
      <WithStyles(ForwardRef(Tooltip))
        title="Meetups"
      >
        <WithStyles(ForwardRef(IconButton))
          color="primary"
          onClick={[Function]}
        >
          <EventIcon />
        </WithStyles(ForwardRef(IconButton))>
      </WithStyles(ForwardRef(Tooltip))>
    </div>
  </div>
  <div
    className="chat-bar-contacts"
  >
    <div>
      Initializing Contacts...
    </div>
  </div>
  <div
    className="chat-bar-search"
  >
    <SearchIcon />
    <input
      className="chat-input"
      onChange={[Function]}
      placeholder="Search Contacts..."
      type="text"
      value=""
    />
  </div>
</div>
`;
