// Jest Snapshot v1, https://goo.gl/fbAQLP

exports[`ChatMessage Should render chat message without errors 1`] = `
<div
  className="
          messageWrapper 
          "
  id="1"
  onMouseEnter={[Function]}
  onMouseLeave={[Function]}
>
  <WithStyles(ForwardRef(Avatar))
    className="messageAvatar"
    src={null}
  >
    D
    L
  </WithStyles(ForwardRef(Avatar))>
  <div
    className="messageInner"
  >
    <div
      className="messageInfo"
    >
      <div
        className="messageUser"
      >
        Daniel
         
        Lee
      </div>
      <div
        className="messageTime"
      >
        Today at 6:38 PM
      </div>
    </div>
    <div
      className="message"
    >
      hello
    </div>
  </div>
  <ChatMessageTools
    hover={false}
  />
</div>
`;
