// Jest Snapshot v1, https://goo.gl/fbAQLP

exports[`ChatMessage Should render chat message without errors 1`] = `
<div
  className="messageWrapper"
  id="1"
>
  <WithStyles(ForwardRef(Avatar))
    className="messageAvatar"
    src={null}
  >
    D
    L
  </WithStyles(ForwardRef(Avatar))>
  <div
    className="messageInner"
  >
    <div
      className="messageInfo"
    >
      <div
        className="messageUser"
      >
        Daniel
         
        Lee
      </div>
      <div
        className="messageTime"
      >
        Today at 5:10 AM
      </div>
    </div>
    <div
      className="message"
    >
      hello
    </div>
  </div>
</div>
`;
