// Jest Snapshot v1, https://goo.gl/fbAQLP

exports[`ChatMessageComponent unit renders without crashing given props 1`] = `
<div
  className="chat-msg-wrapper is-user"
>
  <div>
    <div
      className="chat-msg-info is-user"
    >
      <div
        className="chat-msg-id"
      >
        Daniel
      </div>
      <div
        className="chat-msg-time"
      >
        Invalid date
      </div>
    </div>
    <div
      className="chat-msg elevate is-user"
    >
      hello
    </div>
  </div>
  <div
    className="chat-msg-avatar is-user"
  >
    <WithStyles(ForwardRef(Avatar))
      src={null}
    >
      D
      L
    </WithStyles(ForwardRef(Avatar))>
  </div>
</div>
`;
