// Jest Snapshot v1, https://goo.gl/fbAQLP

exports[`Contact unit renders without crashing given props 1`] = `
<Link
  key="1"
  onClick={null}
  to="/chat/abc"
>
  <div
    className="contact "
  >
    <div>
      <div>
        Friend
      </div>
      <div
        className="contactInfo"
        key="2"
      >
        <div
          className="contactAvatar"
        >
          <WithStyles(ForwardRef(Avatar))
            src={null}
          >
            B
            J
          </WithStyles(ForwardRef(Avatar))>
        </div>
        <div
          className="contactUserInfo"
        >
          <div>
            Bob
             
            Jim
          </div>
          <div
            className="contactUserEmail"
          >
            example2@gmail.com
          </div>
        </div>
      </div>
    </div>
    <div
      className="contactTime"
    >
      a few seconds ago
    </div>
  </div>
</Link>
`;
